
> pasteleria-3d-moderna@0.1.0 build
> next build

  Ôû▓ Next.js 14.2.3
  - Environments: .env.local

   Creating an optimized production build ...
 Ô£ô Compiled successfully
   Linting and checking validity of types ...
   Collecting page data ...
   Generating static pages (0/9) ...
node.exe : Error: Invalid 
supabaseUrl: Must be a valid HTTP or 
HTTPS URL.
En línea: 1 Carácter: 1
+ & "C:\Program 
Files\nodejs/node.exe" "C:\Program 
Files\nodejs/node_mo ...
+ ~~~~~~~~~~~~~~~~~~~~~~~~~~~~~~~~~~~~
~~~~~~~~~~~~~~~~~~~~~~~~~~~~~~~~~
    + CategoryInfo          : NotSpec 
   ified: (Error: Invalid ...P or HT  
  TPS URL.:String) [], RemoteExcept   
 ion
    + FullyQualifiedErrorId : NativeC 
   ommandError
 
    at E:\Proyecto_Pasteleria\.next\se
rver\chunks\867.js:37:48199
    at new rI (E:\Proyecto_Pasteleria\
.next\server\chunks\867.js:37:48381)
    at rx (E:\Proyecto_Pasteleria\.nex
t\server\chunks\867.js:37:52121)
    at 2777 (E:\Proyecto_Pasteleria\.n
ext\server\app\page.js:1:7846)
    at t (E:\Proyecto_Pasteleria\.next
\server\webpack-runtime.js:1:127)
    at 4676 (E:\Proyecto_Pasteleria\.n
ext\server\app\page.js:1:6231)
    at t (E:\Proyecto_Pasteleria\.next
\server\webpack-runtime.js:1:127)
    at 4497 (E:\Proyecto_Pasteleria\.n
ext\server\app\page.js:1:6071)
    at Object.t [as require] (E:\Proye
cto_Pasteleria\.next\server\webpack-ru
ntime.js:1:127)
    at require (E:\Proyecto_Pasteleria
\node_modules\next\dist\compiled\next-
server\app-page.runtime.prod.js:16:183
65) {
  digest: '4191287779'
}

Error occurred prerendering page "/". 
Read more: https://nextjs.org/docs/mes
sages/prerender-error

Error: Invalid supabaseUrl: Must be a 
valid HTTP or HTTPS URL.
    at E:\Proyecto_Pasteleria\.next\se
rver\chunks\867.js:37:48199
    at new rI (E:\Proyecto_Pasteleria\
.next\server\chunks\867.js:37:48381)
    at rx (E:\Proyecto_Pasteleria\.nex
t\server\chunks\867.js:37:52121)
    at 2777 (E:\Proyecto_Pasteleria\.n
ext\server\app\page.js:1:7846)
    at t (E:\Proyecto_Pasteleria\.next
\server\webpack-runtime.js:1:127)
    at 4676 (E:\Proyecto_Pasteleria\.n
ext\server\app\page.js:1:6231)
    at t (E:\Proyecto_Pasteleria\.next
\server\webpack-runtime.js:1:127)
    at 4497 (E:\Proyecto_Pasteleria\.n
ext\server\app\page.js:1:6071)
    at Object.t [as require] (E:\Proye
cto_Pasteleria\.next\server\webpack-ru
ntime.js:1:127)
    at require (E:\Proyecto_Pasteleria
\node_modules\next\dist\compiled\next-
server\app-page.runtime.prod.js:16:183
65)
Error: Invalid supabaseUrl: Must be a 
valid HTTP or HTTPS URL.
    at E:\Proyecto_Pasteleria\.next\se
rver\chunks\867.js:37:48199
    at new rI (E:\Proyecto_Pasteleria\
.next\server\chunks\867.js:37:48381)
    at rx (E:\Proyecto_Pasteleria\.nex
t\server\chunks\867.js:37:52121)
    at 2777 (E:\Proyecto_Pasteleria\.n
ext\server\app\auth\page.js:1:6961)
    at t (E:\Proyecto_Pasteleria\.next
\server\webpack-runtime.js:1:127)
    at 3947 (E:\Proyecto_Pasteleria\.n
ext\server\app\auth\page.js:1:2368)
    at Object.t [as require] (E:\Proye
cto_Pasteleria\.next\server\webpack-ru
ntime.js:1:127)
    at require (E:\Proyecto_Pasteleria
\node_modules\next\dist\compiled\next-
server\app-page.runtime.prod.js:16:183
65)
    at I (E:\Proyecto_Pasteleria\node_
modules\next\dist\compiled\next-server
\app-page.runtime.prod.js:12:94362)
    at E:\Proyecto_Pasteleria\node_mod
ules\next\dist\compiled\next-server\ap
p-page.runtime.prod.js:12:96668 {
  digest: '3067299672'
}

Error occurred prerendering page 
"/auth". Read more: https://nextjs.org
/docs/messages/prerender-error

Error: Invalid supabaseUrl: Must be a 
valid HTTP or HTTPS URL.
    at E:\Proyecto_Pasteleria\.next\se
rver\chunks\867.js:37:48199
    at new rI (E:\Proyecto_Pasteleria\
.next\server\chunks\867.js:37:48381)
    at rx (E:\Proyecto_Pasteleria\.nex
t\server\chunks\867.js:37:52121)
    at 2777 (E:\Proyecto_Pasteleria\.n
ext\server\app\auth\page.js:1:6961)
    at t (E:\Proyecto_Pasteleria\.next
\server\webpack-runtime.js:1:127)
    at 3947 (E:\Proyecto_Pasteleria\.n
ext\server\app\auth\page.js:1:2368)
    at Object.t [as require] (E:\Proye
cto_Pasteleria\.next\server\webpack-ru
ntime.js:1:127)
    at require (E:\Proyecto_Pasteleria
\node_modules\next\dist\compiled\next-
server\app-page.runtime.prod.js:16:183
65)
    at I (E:\Proyecto_Pasteleria\node_
modules\next\dist\compiled\next-server
\app-page.runtime.prod.js:12:94362)
    at E:\Proyecto_Pasteleria\node_mod
ules\next\dist\compiled\next-server\ap
p-page.runtime.prod.js:12:96668
Error: Invalid supabaseUrl: Must be a 
valid HTTP or HTTPS URL.
    at E:\Proyecto_Pasteleria\.next\se
rver\chunks\867.js:37:48199
    at new rI (E:\Proyecto_Pasteleria\
.next\server\chunks\867.js:37:48381)
    at rx (E:\Proyecto_Pasteleria\.nex
t\server\chunks\867.js:37:52121)
    at 2777 (E:\Proyecto_Pasteleria\.n
ext\server\app\armar-torta\page.js:1:9
857)
    at t (E:\Proyecto_Pasteleria\.next
\server\webpack-runtime.js:1:127)
    at 4676 (E:\Proyecto_Pasteleria\.n
ext\server\app\armar-torta\page.js:1:8
242)
    at t (E:\Proyecto_Pasteleria\.next
\server\webpack-runtime.js:1:127)
    at 7026 (E:\Proyecto_Pasteleria\.n
ext\server\app\armar-torta\page.js:1:8
082)
    at Object.t [as require] (E:\Proye
cto_Pasteleria\.next\server\webpack-ru
ntime.js:1:127)
    at require (E:\Proyecto_Pasteleria
\node_modules\next\dist\compiled\next-
server\app-page.runtime.prod.js:16:183
65) {
  digest: '2515826696'
}

Error occurred prerendering page 
"/armar-torta". Read more: https://nex
tjs.org/docs/messages/prerender-error

Error: Invalid supabaseUrl: Must be a 
valid HTTP or HTTPS URL.
    at E:\Proyecto_Pasteleria\.next\se
rver\chunks\867.js:37:48199
    at new rI (E:\Proyecto_Pasteleria\
.next\server\chunks\867.js:37:48381)
    at rx (E:\Proyecto_Pasteleria\.nex
t\server\chunks\867.js:37:52121)
    at 2777 (E:\Proyecto_Pasteleria\.n
ext\server\app\armar-torta\page.js:1:9
857)
    at t (E:\Proyecto_Pasteleria\.next
\server\webpack-runtime.js:1:127)
    at 4676 (E:\Proyecto_Pasteleria\.n
ext\server\app\armar-torta\page.js:1:8
242)
    at t (E:\Proyecto_Pasteleria\.next
\server\webpack-runtime.js:1:127)
    at 7026 (E:\Proyecto_Pasteleria\.n
ext\server\app\armar-torta\page.js:1:8
082)
    at Object.t [as require] (E:\Proye
cto_Pasteleria\.next\server\webpack-ru
ntime.js:1:127)
    at require (E:\Proyecto_Pasteleria
\node_modules\next\dist\compiled\next-
server\app-page.runtime.prod.js:16:183
65)
Error: Invalid supabaseUrl: Must be a 
valid HTTP or HTTPS URL.
    at E:\Proyecto_Pasteleria\.next\se
rver\chunks\867.js:37:48199
    at new rI (E:\Proyecto_Pasteleria\
.next\server\chunks\867.js:37:48381)
    at rx (E:\Proyecto_Pasteleria\.nex
t\server\chunks\867.js:37:52121)
    at 2777 (E:\Proyecto_Pasteleria\.n
ext\server\app\admin\page.js:1:17171)
    at t (E:\Proyecto_Pasteleria\.next
\server\webpack-runtime.js:1:127)
    at 4189 (E:\Proyecto_Pasteleria\.n
ext\server\app\admin\page.js:1:2368)
    at Object.t [as require] (E:\Proye
cto_Pasteleria\.next\server\webpack-ru
ntime.js:1:127)
    at require (E:\Proyecto_Pasteleria
\node_modules\next\dist\compiled\next-
server\app-page.runtime.prod.js:16:183
65)
    at I (E:\Proyecto_Pasteleria\node_
modules\next\dist\compiled\next-server
\app-page.runtime.prod.js:12:94362)
    at E:\Proyecto_Pasteleria\node_mod
ules\next\dist\compiled\next-server\ap
p-page.runtime.prod.js:12:96668 {
  digest: '3480774220'
}

Error occurred prerendering page 
"/admin". Read more: https://nextjs.or
g/docs/messages/prerender-error

Error: Invalid supabaseUrl: Must be a 
valid HTTP or HTTPS URL.
    at E:\Proyecto_Pasteleria\.next\se
rver\chunks\867.js:37:48199
    at new rI (E:\Proyecto_Pasteleria\
.next\server\chunks\867.js:37:48381)
    at rx (E:\Proyecto_Pasteleria\.nex
t\server\chunks\867.js:37:52121)
    at 2777 (E:\Proyecto_Pasteleria\.n
ext\server\app\admin\page.js:1:17171)
    at t (E:\Proyecto_Pasteleria\.next
\server\webpack-runtime.js:1:127)
    at 4189 (E:\Proyecto_Pasteleria\.n
ext\server\app\admin\page.js:1:2368)
    at Object.t [as require] (E:\Proye
cto_Pasteleria\.next\server\webpack-ru
ntime.js:1:127)
    at require (E:\Proyecto_Pasteleria
\node_modules\next\dist\compiled\next-
server\app-page.runtime.prod.js:16:183
65)
    at I (E:\Proyecto_Pasteleria\node_
modules\next\dist\compiled\next-server
\app-page.runtime.prod.js:12:94362)
    at E:\Proyecto_Pasteleria\node_mod
ules\next\dist\compiled\next-server\ap
p-page.runtime.prod.js:12:96668
   Generating static pages (2/9) 
   Generating static pages (4/9) 
   Generating static pages (6/9) 
 Ô£ô Generating static pages (9/9)

> Export encountered errors on 
following paths:
	/admin/page: /admin
	/armar-torta/page: /armar-torta
	/auth/page: /auth
	/page: /
